Component: ARM Compiler 5.06 update 6 (build 750) Tool: armlink [4d35ed]

==============================================================================

Section Cross References

    startup.o(STACK) refers (Special) to heapauxi.o(.text) for __use_two_region_memory
    startup.o(HEAP) refers (Special) to heapauxi.o(.text) for __use_two_region_memory
    startup.o(RESET) refers (Special) to heapauxi.o(.text) for __use_two_region_memory
    startup.o(RESET) refers to portasm.o(PORT_ASM) for vPortYieldProcessor
    startup.o(RESET) refers to startup.o(STACK) for Stack_Top
    startup.o(RESET) refers to __main.o(!!!main) for __main
    startup.o(.text) refers (Special) to heapauxi.o(.text) for __use_two_region_memory
    startup.o(.text) refers to startup.o(HEAP) for Heap_Mem
    startup.o(.text) refers to startup.o(STACK) for Stack_Mem
    serialisr.o(.text) refers to port.o(.data) for ulCriticalNesting
    serialisr.o(.text) refers to tasks.o(.data) for pxCurrentTCB
    serialisr.o(.text) refers to serial.o(.text) for vUART_ISRHandler
    gpio.o(.text) refers to gpio_cfg.o(.data) for PinConfig_array
    serial.o(.text) refers to aeabi_sdiv.o(.text_udiv) for __aeabi_uidivmod
    serial.o(.text) refers to serialisr.o(.text) for vUART_ISREntry
    serial.o(.text) refers to serial.o(.data) for isNewCharAvailable
    serial.o(.text) refers to serial.o(.bss) for txBuffer
    main.o(.text) refers to gpio.o(.text) for GPIO_read
    main.o(.text) refers to queue.o(.text) for xQueueGenericSend
    main.o(.text) refers to tasks.o(.text) for vTaskDelay
    main.o(.text) refers to serial.o(.text) for vSerialPutString
    main.o(.text) refers to main.o(.data) for Button1
    main.o(.data) refers to main.o(.conststring) for .conststring
    tasks.o(.text) refers to list.o(.text) for vListInitialise
    tasks.o(.text) refers to port.o(.text) for vPortEnterCritical
    tasks.o(.text) refers to portasm.o(PORT_ASM) for vPortYield
    tasks.o(.text) refers to heap_2.o(.text) for pvPortMalloc
    tasks.o(.text) refers to tasks.o(.bss) for pxReadyTasksLists
    tasks.o(.text) refers to tasks.o(.data) for pxDelayedTaskList
    tasks.o(.text) refers to tasks.o(i.__ARM_common_disable_irq) for __ARM_common_disable_irq
    tasks.o(.text) refers to tasks.o(i.__ARM_common_switch8) for __ARM_common_switch8
    queue.o(.text) refers to aeabi_sdiv.o(.text_udiv) for __aeabi_uidivmod
    queue.o(.text) refers to port.o(.text) for vPortEnterCritical
    queue.o(.text) refers to tasks.o(.text) for xTaskRemoveFromEventList
    queue.o(.text) refers to portasm.o(PORT_ASM) for vPortYield
    queue.o(.text) refers to list.o(.text) for vListInitialise
    queue.o(.text) refers to heap_2.o(.text) for pvPortMalloc
    queue.o(.text) refers to rt_memcpy.o(.text) for __aeabi_memcpy
    port.o(.text) refers to portasm.o(PORT_ASM) for vPortStartFirstTask
    port.o(.text) refers to tasks.o(i.__ARM_common_disable_irq) for __ARM_common_disable_irq
    port.o(.text) refers to port.o(i.__ARM_common_enable_irq) for __ARM_common_enable_irq
    port.o(.text) refers to port.o(.data) for ulCriticalNesting
    heap_2.o(.text) refers to tasks.o(.text) for vTaskSuspendAll
    heap_2.o(.text) refers to heap_2.o(.bss) for ucHeap
    heap_2.o(.text) refers to heap_2.o(.data) for xStart
    portasm.o(PORT_ASM) refers to tasks.o(.data) for pxCurrentTCB
    portasm.o(PORT_ASM) refers to port.o(.data) for ulCriticalNesting
    portasm.o(PORT_ASM) refers to tasks.o(.text) for vTaskSwitchContext
    rt_memcpy.o(.text) refers to rt_memcpy_w.o(.text) for __aeabi_memcpy4
    aeabi_sdiv.o(.text_udiv) refers to aeabi_sdiv.o(.text) for __arm_div2
    aeabi_sdiv_div0.o(.text_udiv) refers to aeabi_sdiv_div0.o(.text) for __arm_div2
    __main.o(!!!main) refers to __rtentry.o(.ARM.Collect$$rtentry$$00000000) for __rt_entry
    __rtentry.o(.ARM.Collect$$rtentry$$00000000) refers (Special) to __rtentry2.o(.ARM.Collect$$rtentry$$0000000A) for __rt_entry_li
    __rtentry.o(.ARM.Collect$$rtentry$$00000000) refers (Special) to __rtentry2.o(.ARM.Collect$$rtentry$$0000000D) for __rt_entry_main
    __rtentry.o(.ARM.Collect$$rtentry$$00000000) refers (Special) to __rtentry2.o(.ARM.Collect$$rtentry$$0000000C) for __rt_entry_postli_1
    __rtentry.o(.ARM.Collect$$rtentry$$00000000) refers (Special) to __rtentry2.o(.ARM.Collect$$rtentry$$00000009) for __rt_entry_postsh_1
    __rtentry.o(.ARM.Collect$$rtentry$$00000000) refers (Special) to __rtentry2.o(.ARM.Collect$$rtentry$$00000002) for __rt_entry_presh_1
    __rtentry.o(.ARM.Collect$$rtentry$$00000000) refers (Special) to __rtentry4.o(.ARM.Collect$$rtentry$$00000004) for __rt_entry_sh
    aeabi_idiv0_sigfpe.o(.text) refers to rt_div0.o(.text) for __rt_div0
    __rtentry2.o(.ARM.Collect$$rtentry$$00000008) refers to boardinit2.o(.text) for _platform_post_stackheap_init
    __rtentry2.o(.ARM.Collect$$rtentry$$0000000A) refers to libinit.o(.ARM.Collect$$libinit$$00000000) for __rt_lib_init
    __rtentry2.o(.ARM.Collect$$rtentry$$0000000B) refers to boardinit3.o(.text) for _platform_post_lib_init
    __rtentry2.o(.ARM.Collect$$rtentry$$0000000D) refers to exit.o(.text) for exit
    __rtentry2.o(.ARM.Collect$$rtentry$$0000000D) refers to main.o(.text) for main
    __rtentry2.o(.ARM.exidx) refers to __rtentry2.o(.ARM.Collect$$rtentry$$00000001) for .ARM.Collect$$rtentry$$00000001
    __rtentry2.o(.ARM.exidx) refers to __rtentry2.o(.ARM.Collect$$rtentry$$00000008) for .ARM.Collect$$rtentry$$00000008
    __rtentry2.o(.ARM.exidx) refers to __rtentry2.o(.ARM.Collect$$rtentry$$0000000A) for .ARM.Collect$$rtentry$$0000000A
    __rtentry2.o(.ARM.exidx) refers to __rtentry2.o(.ARM.Collect$$rtentry$$0000000B) for .ARM.Collect$$rtentry$$0000000B
    __rtentry2.o(.ARM.exidx) refers to __rtentry2.o(.ARM.Collect$$rtentry$$0000000D) for .ARM.Collect$$rtentry$$0000000D
    __rtentry4.o(.ARM.Collect$$rtentry$$00000004) refers to sys_stackheap_outer.o(.text) for __user_setup_stackheap
    __rtentry4.o(.ARM.exidx) refers to __rtentry4.o(.ARM.Collect$$rtentry$$00000004) for .ARM.Collect$$rtentry$$00000004
    rt_div0.o(.text) refers to defsig_fpe_outer.o(.text) for __rt_SIGFPE
    sys_stackheap_outer.o(.text) refers to libspace.o(.text) for __user_perproc_libspace
    sys_stackheap_outer.o(.text) refers to startup.o(.text) for __user_initial_stackheap
    exit.o(.text) refers to rtexit.o(.ARM.Collect$$rtexit$$00000000) for __rt_exit
    defsig_fpe_outer.o(.text) refers to defsig_fpe_inner.o(.text) for __rt_SIGFPE_inner
    defsig_fpe_outer.o(.text) refers to defsig_exit.o(.text) for __sig_exit
    defsig_fpe_formal.o(.text) refers to rt_raise.o(.text) for __rt_raise
    libinit.o(.ARM.Collect$$libinit$$00000000) refers (Special) to libinit2.o(.ARM.Collect$$libinit$$0000002E) for __rt_lib_init_alloca_1
    libinit.o(.ARM.Collect$$libinit$$00000000) refers (Special) to libinit2.o(.ARM.Collect$$libinit$$0000002C) for __rt_lib_init_argv_1
    libinit.o(.ARM.Collect$$libinit$$00000000) refers (Special) to libinit2.o(.ARM.Collect$$libinit$$0000001B) for __rt_lib_init_atexit_1
    libinit.o(.ARM.Collect$$libinit$$00000000) refers (Special) to libinit2.o(.ARM.Collect$$libinit$$00000021) for __rt_lib_init_clock_1
    libinit.o(.ARM.Collect$$libinit$$00000000) refers (Special) to libinit2.o(.ARM.Collect$$libinit$$00000032) for __rt_lib_init_cpp_1
    libinit.o(.ARM.Collect$$libinit$$00000000) refers (Special) to libinit2.o(.ARM.Collect$$libinit$$00000030) for __rt_lib_init_exceptions_1
    libinit.o(.ARM.Collect$$libinit$$00000000) refers (Special) to libinit2.o(.ARM.Collect$$libinit$$00000002) for __rt_lib_init_fp_1
    libinit.o(.ARM.Collect$$libinit$$00000000) refers (Special) to libinit2.o(.ARM.Collect$$libinit$$0000001F) for __rt_lib_init_fp_trap_1
    libinit.o(.ARM.Collect$$libinit$$00000000) refers (Special) to libinit2.o(.ARM.Collect$$libinit$$00000023) for __rt_lib_init_getenv_1
    libinit.o(.ARM.Collect$$libinit$$00000000) refers (Special) to libinit2.o(.ARM.Collect$$libinit$$0000000A) for __rt_lib_init_heap_1
    libinit.o(.ARM.Collect$$libinit$$00000000) refers (Special) to libinit2.o(.ARM.Collect$$libinit$$00000011) for __rt_lib_init_lc_collate_1
    libinit.o(.ARM.Collect$$libinit$$00000000) refers (Special) to libinit2.o(.ARM.Collect$$libinit$$00000013) for __rt_lib_init_lc_ctype_1
    libinit.o(.ARM.Collect$$libinit$$00000000) refers (Special) to libinit2.o(.ARM.Collect$$libinit$$00000015) for __rt_lib_init_lc_monetary_1
    libinit.o(.ARM.Collect$$libinit$$00000000) refers (Special) to libinit2.o(.ARM.Collect$$libinit$$00000017) for __rt_lib_init_lc_numeric_1
    libinit.o(.ARM.Collect$$libinit$$00000000) refers (Special) to libinit2.o(.ARM.Collect$$libinit$$00000019) for __rt_lib_init_lc_time_1
    libinit.o(.ARM.Collect$$libinit$$00000000) refers (Special) to libinit2.o(.ARM.Collect$$libinit$$00000004) for __rt_lib_init_preinit_1
    libinit.o(.ARM.Collect$$libinit$$00000000) refers (Special) to libinit2.o(.ARM.Collect$$libinit$$0000000E) for __rt_lib_init_rand_1
    libinit.o(.ARM.Collect$$libinit$$00000000) refers (Special) to libinit2.o(.ARM.Collect$$libinit$$00000033) for __rt_lib_init_return
    libinit.o(.ARM.Collect$$libinit$$00000000) refers (Special) to libinit2.o(.ARM.Collect$$libinit$$0000001D) for __rt_lib_init_signal_1
    libinit.o(.ARM.Collect$$libinit$$00000000) refers (Special) to libinit2.o(.ARM.Collect$$libinit$$00000025) for __rt_lib_init_stdio_1
    libinit.o(.ARM.Collect$$libinit$$00000000) refers (Special) to libinit2.o(.ARM.Collect$$libinit$$0000000C) for __rt_lib_init_user_alloc_1
    libspace.o(.text) refers to libspace.o(.bss) for __libspace_start
    rtexit.o(.ARM.Collect$$rtexit$$00000000) refers (Special) to rtexit2.o(.ARM.Collect$$rtexit$$00000004) for __rt_exit_exit
    rtexit.o(.ARM.Collect$$rtexit$$00000000) refers (Special) to rtexit2.o(.ARM.Collect$$rtexit$$00000003) for __rt_exit_ls
    rtexit.o(.ARM.Collect$$rtexit$$00000000) refers (Special) to rtexit2.o(.ARM.Collect$$rtexit$$00000002) for __rt_exit_prels_1
    rtexit.o(.ARM.exidx) refers (Special) to rtexit2.o(.ARM.Collect$$rtexit$$00000004) for __rt_exit_exit
    rtexit.o(.ARM.exidx) refers (Special) to rtexit2.o(.ARM.Collect$$rtexit$$00000003) for __rt_exit_ls
    rtexit.o(.ARM.exidx) refers (Special) to rtexit2.o(.ARM.Collect$$rtexit$$00000002) for __rt_exit_prels_1
    rtexit.o(.ARM.exidx) refers to rtexit.o(.ARM.Collect$$rtexit$$00000000) for .ARM.Collect$$rtexit$$00000000
    rt_raise.o(.text) refers to __raise.o(.text) for __raise
    rt_raise.o(.text) refers to sys_exit.o(.text) for _sys_exit
    defsig_exit.o(.text) refers to sys_exit.o(.text) for _sys_exit
    defsig_fpe_inner.o(.text) refers to defsig_general.o(.text) for __default_signal_display
    libinit2.o(.ARM.Collect$$libinit$$00000001) refers to fpinit.o(x$fpl$fpinit) for _fp_init
    libinit2.o(.ARM.Collect$$libinit$$00000010) refers to libinit2.o(.ARM.Collect$$libinit$$0000000F) for .ARM.Collect$$libinit$$0000000F
    libinit2.o(.ARM.Collect$$libinit$$00000012) refers to libinit2.o(.ARM.Collect$$libinit$$0000000F) for .ARM.Collect$$libinit$$0000000F
    libinit2.o(.ARM.Collect$$libinit$$00000014) refers to libinit2.o(.ARM.Collect$$libinit$$0000000F) for .ARM.Collect$$libinit$$0000000F
    libinit2.o(.ARM.Collect$$libinit$$00000016) refers to libinit2.o(.ARM.Collect$$libinit$$0000000F) for .ARM.Collect$$libinit$$0000000F
    libinit2.o(.ARM.Collect$$libinit$$00000018) refers to libinit2.o(.ARM.Collect$$libinit$$0000000F) for .ARM.Collect$$libinit$$0000000F
    libinit2.o(.ARM.Collect$$libinit$$00000026) refers to argv_veneer.o(.emb_text) for __ARM_argv_veneer
    libinit2.o(.ARM.Collect$$libinit$$00000027) refers to argv_veneer.o(.emb_text) for __ARM_argv_veneer
    sys_exit.o(.text) refers (Special) to use_no_semi.o(.text) for __I$use$semihosting
    sys_exit.o(.text) refers (Special) to indicate_semi.o(.text) for __semihosting_library_function
    rtexit2.o(.ARM.Collect$$rtexit$$00000003) refers to libshutdown.o(.ARM.Collect$$libshutdown$$00000000) for __rt_lib_shutdown
    rtexit2.o(.ARM.Collect$$rtexit$$00000004) refers to sys_exit.o(.text) for _sys_exit
    rtexit2.o(.ARM.exidx) refers to rtexit2.o(.ARM.Collect$$rtexit$$00000001) for .ARM.Collect$$rtexit$$00000001
    rtexit2.o(.ARM.exidx) refers to rtexit2.o(.ARM.Collect$$rtexit$$00000003) for .ARM.Collect$$rtexit$$00000003
    rtexit2.o(.ARM.exidx) refers to rtexit2.o(.ARM.Collect$$rtexit$$00000004) for .ARM.Collect$$rtexit$$00000004
    __raise.o(.text) refers to __raise.o(i.__ARM_common_call_via_r2) for __ARM_common_call_via_r2
    __raise.o(.text) refers to defsig.o(CL$$defsig) for __default_signal_handler
    defsig_general.o(.text) refers to sys_wrch.o(.text) for _ttywrch
    argv_veneer.o(.emb_text) refers to no_argv.o(.text) for __ARM_get_argv
    sys_wrch.o(.text) refers (Special) to use_no_semi.o(.text) for __I$use$semihosting
    sys_wrch.o(.text) refers (Special) to indicate_semi.o(.text) for __semihosting_library_function
    defsig.o(CL$$defsig) refers to defsig_fpe_inner.o(.text) for __rt_SIGFPE_inner
    defsig.o(CL$$defsig) refers to defsig_rtmem_inner.o(.text) for __rt_SIGRTMEM_inner
    _get_argv_nomalloc.o(.text) refers (Special) to hrguard.o(.text) for __heap_region$guard
    _get_argv_nomalloc.o(.text) refers to defsig_rtmem_outer.o(.text) for __rt_SIGRTMEM
    _get_argv_nomalloc.o(.text) refers to sys_command.o(.text) for _sys_command_string
    libshutdown.o(.ARM.Collect$$libshutdown$$00000000) refers (Special) to libshutdown2.o(.ARM.Collect$$libshutdown$$00000002) for __rt_lib_shutdown_cpp_1
    libshutdown.o(.ARM.Collect$$libshutdown$$00000000) refers (Special) to libshutdown2.o(.ARM.Collect$$libshutdown$$00000007) for __rt_lib_shutdown_fp_trap_1
    libshutdown.o(.ARM.Collect$$libshutdown$$00000000) refers (Special) to libshutdown2.o(.ARM.Collect$$libshutdown$$0000000F) for __rt_lib_shutdown_heap_1
    libshutdown.o(.ARM.Collect$$libshutdown$$00000000) refers (Special) to libshutdown2.o(.ARM.Collect$$libshutdown$$00000010) for __rt_lib_shutdown_return
    libshutdown.o(.ARM.Collect$$libshutdown$$00000000) refers (Special) to libshutdown2.o(.ARM.Collect$$libshutdown$$0000000A) for __rt_lib_shutdown_signal_1
    libshutdown.o(.ARM.Collect$$libshutdown$$00000000) refers (Special) to libshutdown2.o(.ARM.Collect$$libshutdown$$00000004) for __rt_lib_shutdown_stdio_1
    libshutdown.o(.ARM.Collect$$libshutdown$$00000000) refers (Special) to libshutdown2.o(.ARM.Collect$$libshutdown$$0000000C) for __rt_lib_shutdown_user_alloc_1
    sys_command.o(.text) refers (Special) to use_no_semi.o(.text) for __I$use$semihosting
    sys_command.o(.text) refers (Special) to indicate_semi.o(.text) for __semihosting_library_function
    defsig_abrt_inner.o(.text) refers to defsig_general.o(.text) for __default_signal_display
    defsig_rtred_inner.o(.text) refers to defsig_general.o(.text) for __default_signal_display
    defsig_rtmem_inner.o(.text) refers to defsig_general.o(.text) for __default_signal_display
    defsig_rtmem_outer.o(.text) refers to defsig_rtmem_inner.o(.text) for __rt_SIGRTMEM_inner
    defsig_rtmem_outer.o(.text) refers to defsig_exit.o(.text) for __sig_exit
    defsig_rtmem_formal.o(.text) refers to rt_raise.o(.text) for __rt_raise
    defsig_stak_inner.o(.text) refers to defsig_general.o(.text) for __default_signal_display
    defsig_pvfn_inner.o(.text) refers to defsig_general.o(.text) for __default_signal_display
    defsig_cppl_inner.o(.text) refers to defsig_general.o(.text) for __default_signal_display
    defsig_segv_inner.o(.text) refers to defsig_general.o(.text) for __default_signal_display
    defsig_other.o(.text) refers to defsig_general.o(.text) for __default_signal_display


==============================================================================

Removing Unused input sections from the image.

    Removing partest.o(.text), (80 bytes).

1 unused section(s) (total 80 bytes) removed from the image.

==============================================================================

Adding Veneers to the image

    Adding AT veneer (8 bytes, Inline) for call to '__rt_lib_init' from __rtentry2.o(.ARM.Collect$$rtentry$$0000000A).
    Adding AT veneer (8 bytes, Inline) for call to '__rt_lib_shutdown' from rtexit2.o(.ARM.Collect$$rtexit$$00000003).
    Adding TA veneer (4 bytes, Inline) for call to '__rt_exit' from exit.o(.text).
    Adding TA veneer (4 bytes, Inline) for call to '__aeabi_memcpy' from queue.o(.text).
    Adding AT veneer (8 bytes, Inline) for call to '_sys_exit' from rtexit2.o(.ARM.Collect$$rtexit$$00000004).
    Adding TA veneer (4 bytes, Inline) for call to '__aeabi_uidivmod' from serial.o(.text).
    Adding TA veneer (4 bytes, Inline) for call to 'vPortStartFirstTask' from port.o(.text).
    Adding TA veneer (8 bytes, Short) for call to 'vPortYield' from tasks.o(.text).
    Adding TA veneer (4 bytes, Inline) for call to '__ARM_common_disable_irq' from tasks.o(.text).
    Adding TA veneer (4 bytes, Inline) for call to '__ARM_common_enable_irq' from port.o(.text).
    Adding TA veneer (4 bytes, Inline) for call to '__ARM_common_switch8' from tasks.o(.text).

11 Veneer(s) (total 60 bytes) added to the image.

==============================================================================

Image Symbol Table

    Local Symbols

    Symbol Name                              Value     Ov Type        Size  Object(Section)

    RESET                                    0x00000000   Section      260  startup.o(RESET)
    ../clib/angel/boardlib.s                 0x00000000   Number         0  boardshut.o ABSOLUTE
    ../clib/angel/boardlib.s                 0x00000000   Number         0  boardinit3.o ABSOLUTE
    ../clib/angel/boardlib.s                 0x00000000   Number         0  boardinit1.o ABSOLUTE
    ../clib/angel/boardlib.s                 0x00000000   Number         0  boardinit2.o ABSOLUTE
    ../clib/angel/handlers.s                 0x00000000   Number         0  __scatter_copy.o ABSOLUTE
    ../clib/angel/handlers.s                 0x00000000   Number         0  __scatter_zi.o ABSOLUTE
    ../clib/angel/kernel.s                   0x00000000   Number         0  __rtentry.o ABSOLUTE
    ../clib/angel/kernel.s                   0x00000000   Number         0  rtexit2.o ABSOLUTE
    ../clib/angel/kernel.s                   0x00000000   Number         0  __rtentry2.o ABSOLUTE
    ../clib/angel/kernel.s                   0x00000000   Number         0  __rtentry4.o ABSOLUTE
    ../clib/angel/kernel.s                   0x00000000   Number         0  rtexit.o ABSOLUTE
    ../clib/angel/rt.s                       0x00000000   Number         0  aeabi_idiv0_sigfpe.o ABSOLUTE
    ../clib/angel/rt.s                       0x00000000   Number         0  aeabi_idiv0.o ABSOLUTE
    ../clib/angel/rt.s                       0x00000000   Number         0  rt_raise.o ABSOLUTE
    ../clib/angel/rt.s                       0x00000000   Number         0  rt_div0.o ABSOLUTE
    ../clib/angel/scatter.s                  0x00000000   Number         0  __scatter.o ABSOLUTE
    ../clib/angel/startup.s                  0x00000000   Number         0  __main.o ABSOLUTE
    ../clib/angel/sys.s                      0x00000000   Number         0  use_no_semi.o ABSOLUTE
    ../clib/angel/sys.s                      0x00000000   Number         0  sys_stackheap_outer.o ABSOLUTE
    ../clib/angel/sys.s                      0x00000000   Number         0  libspace.o ABSOLUTE
    ../clib/angel/sys.s                      0x00000000   Number         0  indicate_semi.o ABSOLUTE
    ../clib/angel/sysapp.c                   0x00000000   Number         0  sys_exit.o ABSOLUTE
    ../clib/angel/sysapp.c                   0x00000000   Number         0  sys_wrch.o ABSOLUTE
    ../clib/angel/sysapp.c                   0x00000000   Number         0  sys_command.o ABSOLUTE
    ../clib/armsys.c                         0x00000000   Number         0  no_argv.o ABSOLUTE
    ../clib/armsys.c                         0x00000000   Number         0  _get_argv_nomalloc.o ABSOLUTE
    ../clib/armsys.c                         0x00000000   Number         0  argv_veneer.o ABSOLUTE
    ../clib/armsys.c                         0x00000000   Number         0  argv_veneer.o ABSOLUTE
    ../clib/division.s                       0x00000000   Number         0  aeabi_sdiv.o ABSOLUTE
    ../clib/division.s                       0x00000000   Number         0  aeabi_sdiv_div0.o ABSOLUTE
    ../clib/divrt.s                          0x00000000   Number         0  divrt_7tdmi.o ABSOLUTE
    ../clib/divrt.s                          0x00000000   Number         0  divrt_7tdmi_div0.o ABSOLUTE
    ../clib/heapalloc.c                      0x00000000   Number         0  hrguard.o ABSOLUTE
    ../clib/heapaux.c                        0x00000000   Number         0  heapauxi.o ABSOLUTE
    ../clib/libinit.s                        0x00000000   Number         0  libshutdown2.o ABSOLUTE
    ../clib/libinit.s                        0x00000000   Number         0  libshutdown.o ABSOLUTE
    ../clib/libinit.s                        0x00000000   Number         0  libinit2.o ABSOLUTE
    ../clib/libinit.s                        0x00000000   Number         0  libinit.o ABSOLUTE
    ../clib/memcpset.s                       0x00000000   Number         0  rt_memcpy_w.o ABSOLUTE
    ../clib/memcpset.s                       0x00000000   Number         0  rt_memcpy.o ABSOLUTE
    ../clib/signal.c                         0x00000000   Number         0  defsig_segv_inner.o ABSOLUTE
    ../clib/signal.c                         0x00000000   Number         0  defsig_cppl_inner.o ABSOLUTE
    ../clib/signal.c                         0x00000000   Number         0  defsig_pvfn_inner.o ABSOLUTE
    ../clib/signal.c                         0x00000000   Number         0  defsig_stak_inner.o ABSOLUTE
    ../clib/signal.c                         0x00000000   Number         0  defsig_rtmem_formal.o ABSOLUTE
    ../clib/signal.c                         0x00000000   Number         0  defsig_rtmem_outer.o ABSOLUTE
    ../clib/signal.c                         0x00000000   Number         0  defsig_rtmem_inner.o ABSOLUTE
    ../clib/signal.c                         0x00000000   Number         0  defsig_rtred_inner.o ABSOLUTE
    ../clib/signal.c                         0x00000000   Number         0  defsig_abrt_inner.o ABSOLUTE
    ../clib/signal.c                         0x00000000   Number         0  defsig_fpe_inner.o ABSOLUTE
    ../clib/signal.c                         0x00000000   Number         0  defsig_general.o ABSOLUTE
    ../clib/signal.c                         0x00000000   Number         0  __raise.o ABSOLUTE
    ../clib/signal.c                         0x00000000   Number         0  defsig_exit.o ABSOLUTE
    ../clib/signal.c                         0x00000000   Number         0  defsig_fpe_formal.o ABSOLUTE
    ../clib/signal.c                         0x00000000   Number         0  defsig_other.o ABSOLUTE
    ../clib/signal.c                         0x00000000   Number         0  defsig_fpe_outer.o ABSOLUTE
    ../clib/signal.s                         0x00000000   Number         0  defsig.o ABSOLUTE
    ../clib/stdlib.c                         0x00000000   Number         0  exit.o ABSOLUTE
    ../fplib/fpinit.s                        0x00000000   Number         0  fpinit.o ABSOLUTE
    ..\..\Source\list.c                      0x00000000   Number         0  list.o ABSOLUTE
    ..\..\Source\portable\MemMang\heap_2.c   0x00000000   Number         0  heap_2.o ABSOLUTE
    ..\..\Source\portable\RVDS\ARM7_LPC21xx\port.c 0x00000000   Number         0  port.o ABSOLUTE
    ..\..\Source\portable\RVDS\ARM7_LPC21xx\portASM.s 0x00000000   Number         0  portasm.o ABSOLUTE
    ..\..\Source\queue.c                     0x00000000   Number         0  queue.o ABSOLUTE
    ..\..\Source\tasks.c                     0x00000000   Number         0  tasks.o ABSOLUTE
    ParTest\ParTest.c                        0x00000000   Number         0  partest.o ABSOLUTE
    Starter_Files_V0\source\GPIO.c           0x00000000   Number         0  gpio.o ABSOLUTE
    Starter_Files_V0\source\GPIO_cfg.c       0x00000000   Number         0  gpio_cfg.o ABSOLUTE
    Starter_Files_V0\source\serial.c         0x00000000   Number         0  serial.o ABSOLUTE
    Startup.s                                0x00000000   Number         0  startup.o ABSOLUTE
    dc.s                                     0x00000000   Number         0  dc.o ABSOLUTE
    main.c                                   0x00000000   Number         0  main.o ABSOLUTE
    serial\serialISR.s                       0x00000000   Number         0  serialisr.o ABSOLUTE
    Undef_Handler                            0x00000040   ARM Code       4  startup.o(RESET)
    PAbt_Handler                             0x00000048   ARM Code       4  startup.o(RESET)
    DAbt_Handler                             0x0000004c   ARM Code       4  startup.o(RESET)
    IRQ_Handler                              0x00000050   ARM Code       4  startup.o(RESET)
    FIQ_Handler                              0x00000054   ARM Code       4  startup.o(RESET)
    !!!main                                  0x00000104   Section        8  __main.o(!!!main)
    !!!scatter                               0x0000010c   Section       60  __scatter.o(!!!scatter)
    !!handler_copy                           0x00000148   Section       40  __scatter_copy.o(!!handler_copy)
    !!handler_zi                             0x00000170   Section       44  __scatter_zi.o(!!handler_zi)
    .ARM.Collect$$libinit$$00000000          0x000001a4   Section        2  libinit.o(.ARM.Collect$$libinit$$00000000)
    .ARM.Collect$$libinit$$00000002          0x000001a6   Section        0  libinit2.o(.ARM.Collect$$libinit$$00000002)
    .ARM.Collect$$libinit$$00000004          0x000001a6   Section        0  libinit2.o(.ARM.Collect$$libinit$$00000004)
    .ARM.Collect$$libinit$$0000000A          0x000001a6   Section        0  libinit2.o(.ARM.Collect$$libinit$$0000000A)
    .ARM.Collect$$libinit$$0000000C          0x000001a6   Section        0  libinit2.o(.ARM.Collect$$libinit$$0000000C)
    .ARM.Collect$$libinit$$0000000E          0x000001a6   Section        0  libinit2.o(.ARM.Collect$$libinit$$0000000E)
    .ARM.Collect$$libinit$$00000011          0x000001a6   Section        0  libinit2.o(.ARM.Collect$$libinit$$00000011)
    .ARM.Collect$$libinit$$00000013          0x000001a6   Section        0  libinit2.o(.ARM.Collect$$libinit$$00000013)
    .ARM.Collect$$libinit$$00000015          0x000001a6   Section        0  libinit2.o(.ARM.Collect$$libinit$$00000015)
    .ARM.Collect$$libinit$$00000017          0x000001a6   Section        0  libinit2.o(.ARM.Collect$$libinit$$00000017)
    .ARM.Collect$$libinit$$00000019          0x000001a6   Section        0  libinit2.o(.ARM.Collect$$libinit$$00000019)
    .ARM.Collect$$libinit$$0000001B          0x000001a6   Section        0  libinit2.o(.ARM.Collect$$libinit$$0000001B)
    .ARM.Collect$$libinit$$0000001D          0x000001a6   Section        0  libinit2.o(.ARM.Collect$$libinit$$0000001D)
    .ARM.Collect$$libinit$$0000001F          0x000001a6   Section        0  libinit2.o(.ARM.Collect$$libinit$$0000001F)
    .ARM.Collect$$libinit$$00000021          0x000001a6   Section        0  libinit2.o(.ARM.Collect$$libinit$$00000021)
    .ARM.Collect$$libinit$$00000023          0x000001a6   Section        0  libinit2.o(.ARM.Collect$$libinit$$00000023)
    .ARM.Collect$$libinit$$00000025          0x000001a6   Section        0  libinit2.o(.ARM.Collect$$libinit$$00000025)
    .ARM.Collect$$libinit$$0000002C          0x000001a6   Section        0  libinit2.o(.ARM.Collect$$libinit$$0000002C)
    .ARM.Collect$$libinit$$0000002E          0x000001a6   Section        0  libinit2.o(.ARM.Collect$$libinit$$0000002E)
    .ARM.Collect$$libinit$$00000030          0x000001a6   Section        0  libinit2.o(.ARM.Collect$$libinit$$00000030)
    .ARM.Collect$$libinit$$00000032          0x000001a6   Section        0  libinit2.o(.ARM.Collect$$libinit$$00000032)
    .ARM.Collect$$libinit$$00000033          0x000001a6   Section       12  libinit2.o(.ARM.Collect$$libinit$$00000033)
    .ARM.Collect$$libshutdown$$00000000      0x000001bc   Section        4  libshutdown.o(.ARM.Collect$$libshutdown$$00000000)
    .ARM.Collect$$libshutdown$$00000002      0x000001c0   Section        0  libshutdown2.o(.ARM.Collect$$libshutdown$$00000002)
    .ARM.Collect$$libshutdown$$00000004      0x000001c0   Section        0  libshutdown2.o(.ARM.Collect$$libshutdown$$00000004)
    .ARM.Collect$$libshutdown$$00000007      0x000001c0   Section        0  libshutdown2.o(.ARM.Collect$$libshutdown$$00000007)
    .ARM.Collect$$libshutdown$$0000000A      0x000001c0   Section        0  libshutdown2.o(.ARM.Collect$$libshutdown$$0000000A)
    .ARM.Collect$$libshutdown$$0000000C      0x000001c0   Section        0  libshutdown2.o(.ARM.Collect$$libshutdown$$0000000C)
    .ARM.Collect$$libshutdown$$0000000F      0x000001c0   Section        0  libshutdown2.o(.ARM.Collect$$libshutdown$$0000000F)
    .ARM.Collect$$libshutdown$$00000010      0x000001c0   Section        6  libshutdown2.o(.ARM.Collect$$libshutdown$$00000010)
    .ARM.Collect$$rtentry$$00000000          0x000001c8   Section        0  __rtentry.o(.ARM.Collect$$rtentry$$00000000)
    .ARM.Collect$$rtentry$$00000002          0x000001c8   Section        0  __rtentry2.o(.ARM.Collect$$rtentry$$00000002)
    .ARM.Collect$$rtentry$$00000004          0x000001c8   Section        8  __rtentry4.o(.ARM.Collect$$rtentry$$00000004)
    .ARM.Collect$$rtentry$$00000009          0x000001d0   Section        0  __rtentry2.o(.ARM.Collect$$rtentry$$00000009)
    .ARM.Collect$$rtentry$$0000000A          0x000001d0   Section        4  __rtentry2.o(.ARM.Collect$$rtentry$$0000000A)
    .ARM.Collect$$rtentry$$0000000C          0x000001d4   Section        0  __rtentry2.o(.ARM.Collect$$rtentry$$0000000C)
    .ARM.Collect$$rtentry$$0000000D          0x000001d4   Section       40  __rtentry2.o(.ARM.Collect$$rtentry$$0000000D)
    .ARM.Collect$$rtexit$$00000000           0x00000200   Section        4  rtexit.o(.ARM.Collect$$rtexit$$00000000)
    .ARM.Collect$$rtexit$$00000002           0x00000204   Section        0  rtexit2.o(.ARM.Collect$$rtexit$$00000002)
    .ARM.Collect$$rtexit$$00000003           0x00000204   Section        4  rtexit2.o(.ARM.Collect$$rtexit$$00000003)
    .ARM.Collect$$rtexit$$00000004           0x00000208   Section        8  rtexit2.o(.ARM.Collect$$rtexit$$00000004)
    .text                                    0x00000210   Section       32  startup.o(.text)
    .text                                    0x00000230   Section      148  serialisr.o(.text)
    .text                                    0x000002c4   Section        0  gpio.o(.text)
    .text                                    0x00000420   Section        0  serial.o(.text)
    .text                                    0x000005c0   Section        0  main.o(.text)
    prvSetupHardware                         0x00000709   Thumb Code    26  main.o(.text)
    .text                                    0x00000890   Section        0  tasks.o(.text)
    prvInitialiseTaskLists                   0x00000891   Thumb Code    72  tasks.o(.text)
    prvAddNewTaskToReadyList                 0x000008d9   Thumb Code   188  tasks.o(.text)
    prvInitialiseNewTask                     0x00000995   Thumb Code   152  tasks.o(.text)
    prvDeleteTCB                             0x00000a8d   Thumb Code    22  tasks.o(.text)
    prvResetNextTaskUnblockTime              0x00000aa3   Thumb Code    44  tasks.o(.text)
    prvAddCurrentTaskToDelayedList           0x00000e39   Thumb Code   144  tasks.o(.text)
    prvTaskIsTaskSuspended                   0x000011c5   Thumb Code    66  tasks.o(.text)
    prvCheckTasksWaitingTermination          0x00001329   Thumb Code    64  tasks.o(.text)
    prvIdleTask                              0x00001369   Thumb Code    20  tasks.o(.text)
    .text                                    0x00001e98   Section        0  list.o(.text)
    .text                                    0x00001f30   Section        0  queue.o(.text)
    prvInitialiseNewQueue                    0x00001fc9   Thumb Code    38  queue.o(.text)
    prvUnlockQueue                           0x00002049   Thumb Code   150  queue.o(.text)
    prvIsQueueFull                           0x000020df   Thumb Code    34  queue.o(.text)
    prvCopyDataToQueue                       0x00002101   Thumb Code   132  queue.o(.text)
    prvInitialiseMutex                       0x00002285   Thumb Code    36  queue.o(.text)
    prvIsQueueEmpty                          0x000023b5   Thumb Code    32  queue.o(.text)
    prvCopyDataFromQueue                     0x000023d5   Thumb Code    48  queue.o(.text)
    prvGetDisinheritPriorityAfterTimeout     0x000024f7   Thumb Code    22  queue.o(.text)
    .text                                    0x00002848   Section        0  port.o(.text)
    prvSetupTimerInterrupt                   0x000028c9   Thumb Code    60  port.o(.text)
    .text                                    0x000029a0   Section        0  heap_2.o(.text)
    prvHeapInit                              0x000029a1   Thumb Code    38  heap_2.o(.text)
    .text                                    0x00002ae8   Section      212  rt_memcpy.o(.text)
    .text                                    0x00002bbc   Section      384  aeabi_sdiv.o(.text)
    __arm_div8                               0x00002be8   ARM Code       0  aeabi_sdiv.o(.text)
    __arm_div5                               0x00002c0c   ARM Code       0  aeabi_sdiv.o(.text)
    __arm_div2                               0x00002c30   ARM Code       0  aeabi_sdiv.o(.text)
    __arm_div_large                          0x00002c6c   ARM Code       0  aeabi_sdiv.o(.text)
    .text                                    0x00002d3c   Section        0  heapauxi.o(.text)
    .text                                    0x00002d44   Section      100  rt_memcpy_w.o(.text)
    .text                                    0x00002da8   Section       96  sys_stackheap_outer.o(.text)
    .text                                    0x00002e08   Section        0  exit.o(.text)
    .text                                    0x00002e1c   Section       12  libspace.o(.text)
    .text                                    0x00002e30   Section        0  sys_exit.o(.text)
    .text                                    0x00002e3c   Section        4  use_no_semi.o(.text)
    .text                                    0x00002e40   Section        0  indicate_semi.o(.text)
    .text_udiv                               0x00002e44   Section       36  aeabi_sdiv.o(.text_udiv)
    PORT_ASM                                 0x00002e6c   Section      396  portasm.o(PORT_ASM)
    i.__ARM_common_disable_irq               0x00003004   Section        0  tasks.o(i.__ARM_common_disable_irq)
    i.__ARM_common_enable_irq                0x0000301c   Section        0  port.o(i.__ARM_common_enable_irq)
    i.__ARM_common_switch8                   0x00003030   Section        0  tasks.o(i.__ARM_common_switch8)
    .conststring                             0x00003050   Section       48  main.o(.conststring)
    .data                                    0x40000000   Section       92  gpio_cfg.o(.data)
    .data                                    0x4000005c   Section        4  serial.o(.data)
    .data                                    0x40000060   Section       58  main.o(.data)
    .data                                    0x4000009c   Section       64  tasks.o(.data)
    pxDelayedTaskList                        0x400000a0   Data           4  tasks.o(.data)
    pxOverflowDelayedTaskList                0x400000a4   Data           4  tasks.o(.data)
    uxDeletedTasksWaitingCleanUp             0x400000a8   Data           4  tasks.o(.data)
    uxCurrentNumberOfTasks                   0x400000ac   Data           4  tasks.o(.data)
    xTickCount                               0x400000b0   Data           4  tasks.o(.data)
    uxTopReadyPriority                       0x400000b4   Data           4  tasks.o(.data)
    xSchedulerRunning                        0x400000b8   Data           4  tasks.o(.data)
    xPendedTicks                             0x400000bc   Data           4  tasks.o(.data)
    xYieldPending                            0x400000c0   Data           4  tasks.o(.data)
    xNumOfOverflows                          0x400000c4   Data           4  tasks.o(.data)
    uxTaskNumber                             0x400000c8   Data           4  tasks.o(.data)
    xNextTaskUnblockTime                     0x400000cc   Data           4  tasks.o(.data)
    xIdleTaskHandle                          0x400000d0   Data           4  tasks.o(.data)
    uxSchedulerSuspended                     0x400000d8   Data           4  tasks.o(.data)
    .data                                    0x400000dc   Section        4  port.o(.data)
    .data                                    0x400000e0   Section       24  heap_2.o(.data)
    xStart                                   0x400000e0   Data           8  heap_2.o(.data)
    xEnd                                     0x400000e8   Data           8  heap_2.o(.data)
    xFreeBytesRemaining                      0x400000f0   Data           4  heap_2.o(.data)
    xHeapHasBeenInitialised                  0x400000f4   Data           4  heap_2.o(.data)
    .bss                                     0x400000f8   Section      200  serial.o(.bss)
    .bss                                     0x400001c0   Section      180  tasks.o(.bss)
    pxReadyTasksLists                        0x400001c0   Data          80  tasks.o(.bss)
    xDelayedTaskList1                        0x40000210   Data          20  tasks.o(.bss)
    xDelayedTaskList2                        0x40000224   Data          20  tasks.o(.bss)
    xPendingReadyList                        0x40000238   Data          20  tasks.o(.bss)
    xTasksWaitingTermination                 0x4000024c   Data          20  tasks.o(.bss)
    xSuspendedTaskList                       0x40000260   Data          20  tasks.o(.bss)
    .bss                                     0x40000274   Section    13312  heap_2.o(.bss)
    ucHeap                                   0x40000274   Data       13312  heap_2.o(.bss)
    .bss                                     0x40003674   Section       96  libspace.o(.bss)
    HEAP                                     0x400036d8   Section        0  startup.o(HEAP)
    STACK                                    0x400036d8   Section     1568  startup.o(STACK)
    Heap_Mem                                 0x400036d8   Data           0  startup.o(HEAP)
    Stack_Mem                                0x400036d8   Data        1568  startup.o(STACK)
    Stack_Top                                0x40003cf8   Data           0  startup.o(STACK)

    Global Symbols

    Symbol Name                              Value     Ov Type        Size  Object(Section)

    BuildAttributes$$THM_ISAv1$ARM_ISAv4$S$PE$A:L22$X:L11$S22$IEEE1$IW$USESV6$~STKCKD$USESV7$~SHL$OSPACE$ROPI$EBA8$UX$STANDARDLIB$REQ8$PRES8$EABIv2 0x00000000   Number         0  anon$$obj.o ABSOLUTE
    __ARM_use_no_argv                        0x00000000   Number         0  main.o ABSOLUTE
    __ARM_exceptions_init                     - Undefined Weak Reference
    __alloca_initialize                       - Undefined Weak Reference
    __arm_preinit_                            - Undefined Weak Reference
    __cpp_initialize__aeabi_                  - Undefined Weak Reference
    __cxa_finalize                            - Undefined Weak Reference
    __rt_locale                               - Undefined Weak Reference
    __sigvec_lookup                           - Undefined Weak Reference
    _atexit_init                              - Undefined Weak Reference
    _call_atexit_fns                          - Undefined Weak Reference
    _clock_init                               - Undefined Weak Reference
    _fp_trap_init                             - Undefined Weak Reference
    _fp_trap_shutdown                         - Undefined Weak Reference
    _get_lc_collate                           - Undefined Weak Reference
    _get_lc_ctype                             - Undefined Weak Reference
    _get_lc_monetary                          - Undefined Weak Reference
    _get_lc_numeric                           - Undefined Weak Reference
    _get_lc_time                              - Undefined Weak Reference
    _getenv_init                              - Undefined Weak Reference
    _handle_redirection                       - Undefined Weak Reference
    _init_alloc                               - Undefined Weak Reference
    _init_user_alloc                          - Undefined Weak Reference
    _initio                                   - Undefined Weak Reference
    _rand_init                                - Undefined Weak Reference
    _signal_finish                            - Undefined Weak Reference
    _signal_init                              - Undefined Weak Reference
    _terminate_alloc                          - Undefined Weak Reference
    _terminate_user_alloc                     - Undefined Weak Reference
    _terminateio                              - Undefined Weak Reference
    Reset_Handler                            0x00000058   ARM Code       0  startup.o(RESET)
    __main                                   0x00000104   ARM Code       8  __main.o(!!!main)
    __scatterload                            0x0000010c   ARM Code       0  __scatter.o(!!!scatter)
    __scatterload_rt2                        0x0000010c   ARM Code      52  __scatter.o(!!!scatter)
    __scatterload_null                       0x00000120   ARM Code       0  __scatter.o(!!!scatter)
    __scatterload_copy                       0x00000148   ARM Code      40  __scatter_copy.o(!!handler_copy)
    __scatterload_zeroinit                   0x00000170   ARM Code      44  __scatter_zi.o(!!handler_zi)
    Inline ARM to Thumb Veneer to __rt_lib_init 0x0000019c   ARM Code       8  libinit.o(.ARM.Collect$$libinit$$00000000)
    __rt_lib_init                            0x000001a5   Thumb Code     0  libinit.o(.ARM.Collect$$libinit$$00000000)
    __rt_lib_init_alloca_1                   0x000001a7   Thumb Code     0  libinit2.o(.ARM.Collect$$libinit$$0000002E)
    __rt_lib_init_argv_1                     0x000001a7   Thumb Code     0  libinit2.o(.ARM.Collect$$libinit$$0000002C)
    __rt_lib_init_atexit_1                   0x000001a7   Thumb Code     0  libinit2.o(.ARM.Collect$$libinit$$0000001B)
    __rt_lib_init_clock_1                    0x000001a7   Thumb Code     0  libinit2.o(.ARM.Collect$$libinit$$00000021)
    __rt_lib_init_cpp_1                      0x000001a7   Thumb Code     0  libinit2.o(.ARM.Collect$$libinit$$00000032)
    __rt_lib_init_exceptions_1               0x000001a7   Thumb Code     0  libinit2.o(.ARM.Collect$$libinit$$00000030)
    __rt_lib_init_fp_1                       0x000001a7   Thumb Code     0  libinit2.o(.ARM.Collect$$libinit$$00000002)
    __rt_lib_init_fp_trap_1                  0x000001a7   Thumb Code     0  libinit2.o(.ARM.Collect$$libinit$$0000001F)
    __rt_lib_init_getenv_1                   0x000001a7   Thumb Code     0  libinit2.o(.ARM.Collect$$libinit$$00000023)
    __rt_lib_init_heap_1                     0x000001a7   Thumb Code     0  libinit2.o(.ARM.Collect$$libinit$$0000000A)
    __rt_lib_init_lc_collate_1               0x000001a7   Thumb Code     0  libinit2.o(.ARM.Collect$$libinit$$00000011)
    __rt_lib_init_lc_ctype_1                 0x000001a7   Thumb Code     0  libinit2.o(.ARM.Collect$$libinit$$00000013)
    __rt_lib_init_lc_monetary_1              0x000001a7   Thumb Code     0  libinit2.o(.ARM.Collect$$libinit$$00000015)
    __rt_lib_init_lc_numeric_1               0x000001a7   Thumb Code     0  libinit2.o(.ARM.Collect$$libinit$$00000017)
    __rt_lib_init_lc_time_1                  0x000001a7   Thumb Code     0  libinit2.o(.ARM.Collect$$libinit$$00000019)
    __rt_lib_init_preinit_1                  0x000001a7   Thumb Code     0  libinit2.o(.ARM.Collect$$libinit$$00000004)
    __rt_lib_init_rand_1                     0x000001a7   Thumb Code     0  libinit2.o(.ARM.Collect$$libinit$$0000000E)
    __rt_lib_init_return                     0x000001a7   Thumb Code     0  libinit2.o(.ARM.Collect$$libinit$$00000033)
    __rt_lib_init_signal_1                   0x000001a7   Thumb Code     0  libinit2.o(.ARM.Collect$$libinit$$0000001D)
    __rt_lib_init_stdio_1                    0x000001a7   Thumb Code     0  libinit2.o(.ARM.Collect$$libinit$$00000025)
    __rt_lib_init_user_alloc_1               0x000001a7   Thumb Code     0  libinit2.o(.ARM.Collect$$libinit$$0000000C)
    Inline ARM to Thumb Veneer to __rt_lib_shutdown 0x000001b4   ARM Code       8  libshutdown.o(.ARM.Collect$$libshutdown$$00000000)
    __rt_lib_shutdown                        0x000001bd   Thumb Code     0  libshutdown.o(.ARM.Collect$$libshutdown$$00000000)
    __rt_lib_shutdown_cpp_1                  0x000001c1   Thumb Code     0  libshutdown2.o(.ARM.Collect$$libshutdown$$00000002)
    __rt_lib_shutdown_fp_trap_1              0x000001c1   Thumb Code     0  libshutdown2.o(.ARM.Collect$$libshutdown$$00000007)
    __rt_lib_shutdown_heap_1                 0x000001c1   Thumb Code     0  libshutdown2.o(.ARM.Collect$$libshutdown$$0000000F)
    __rt_lib_shutdown_return                 0x000001c1   Thumb Code     0  libshutdown2.o(.ARM.Collect$$libshutdown$$00000010)
    __rt_lib_shutdown_signal_1               0x000001c1   Thumb Code     0  libshutdown2.o(.ARM.Collect$$libshutdown$$0000000A)
    __rt_lib_shutdown_stdio_1                0x000001c1   Thumb Code     0  libshutdown2.o(.ARM.Collect$$libshutdown$$00000004)
    __rt_lib_shutdown_user_alloc_1           0x000001c1   Thumb Code     0  libshutdown2.o(.ARM.Collect$$libshutdown$$0000000C)
    __rt_entry                               0x000001c8   ARM Code       0  __rtentry.o(.ARM.Collect$$rtentry$$00000000)
    __rt_entry_presh_1                       0x000001c8   ARM Code       0  __rtentry2.o(.ARM.Collect$$rtentry$$00000002)
    __rt_entry_sh                            0x000001c8   ARM Code       0  __rtentry4.o(.ARM.Collect$$rtentry$$00000004)
    __rt_entry_li                            0x000001d0   ARM Code       0  __rtentry2.o(.ARM.Collect$$rtentry$$0000000A)
    __rt_entry_postsh_1                      0x000001d0   ARM Code       0  __rtentry2.o(.ARM.Collect$$rtentry$$00000009)
    __rt_entry_main                          0x000001d4   ARM Code       0  __rtentry2.o(.ARM.Collect$$rtentry$$0000000D)
    __rt_entry_postli_1                      0x000001d4   ARM Code       0  __rtentry2.o(.ARM.Collect$$rtentry$$0000000C)
    Inline Thumb to ARM Veneer to __rt_exit  0x000001fd   Thumb Code     4  rtexit.o(.ARM.Collect$$rtexit$$00000000)
    __rt_exit                                0x00000200   ARM Code       0  rtexit.o(.ARM.Collect$$rtexit$$00000000)
    __rt_exit_ls                             0x00000204   ARM Code       0  rtexit2.o(.ARM.Collect$$rtexit$$00000003)
    __rt_exit_prels_1                        0x00000204   ARM Code       0  rtexit2.o(.ARM.Collect$$rtexit$$00000002)
    __rt_exit_exit                           0x00000208   ARM Code       0  rtexit2.o(.ARM.Collect$$rtexit$$00000004)
    __user_initial_stackheap                 0x00000210   ARM Code       0  startup.o(.text)
    vUART_ISREntry                           0x00000230   ARM Code       0  serialisr.o(.text)
    GPIO_init                                0x000002c5   Thumb Code   198  gpio.o(.text)
    GPIO_read                                0x0000038b   Thumb Code    40  gpio.o(.text)
    GPIO_write                               0x000003b3   Thumb Code    96  gpio.o(.text)
    xSerialPortInitMinimal                   0x00000421   Thumb Code   124  serial.o(.text)
    xSerialGetChar                           0x0000049d   Thumb Code    34  serial.o(.text)
    xSerialPutChar                           0x000004bf   Thumb Code     6  serial.o(.text)
    vSerialPutString                         0x000004c5   Thumb Code    84  serial.o(.text)
    vUART_ISRHandler                         0x00000519   Thumb Code   120  serial.o(.text)
    Button1_TriggerTask                      0x000005c1   Thumb Code   130  main.o(.text)
    Button2_TriggerTask                      0x00000643   Thumb Code   130  main.o(.text)
    SendStr100msTask                         0x000006c5   Thumb Code    32  main.o(.text)
    UART_Write                               0x000006e5   Thumb Code    36  main.o(.text)
    main                                     0x00000723   Thumb Code   108  main.o(.text)
    xTaskCreate                              0x00000a2d   Thumb Code    96  tasks.o(.text)
    vTaskDelete                              0x00000acf   Thumb Code   138  tasks.o(.text)
    xTaskIncrementTick                       0x00000b59   Thumb Code   432  tasks.o(.text)
    xTaskResumeAll                           0x00000d09   Thumb Code   304  tasks.o(.text)
    vTaskSuspendAll                          0x00000ec9   Thumb Code    12  tasks.o(.text)
    xTaskDelayUntil                          0x00000ed5   Thumb Code    98  tasks.o(.text)
    vTaskDelay                               0x00000f37   Thumb Code    42  tasks.o(.text)
    uxTaskPriorityGet                        0x00000f61   Thumb Code    36  tasks.o(.text)
    uxTaskPriorityGetFromISR                 0x00000f85   Thumb Code    26  tasks.o(.text)
    vTaskPrioritySet                         0x00000f9f   Thumb Code   244  tasks.o(.text)
    vTaskSwitchContext                       0x00001093   Thumb Code   152  tasks.o(.text)
    vTaskSuspend                             0x0000112b   Thumb Code   154  tasks.o(.text)
    vTaskResume                              0x00001207   Thumb Code   140  tasks.o(.text)
    xTaskResumeFromISR                       0x00001293   Thumb Code   150  tasks.o(.text)
    vTaskStartScheduler                      0x0000137d   Thumb Code    64  tasks.o(.text)
    vTaskEndScheduler                        0x000013bd   Thumb Code    22  tasks.o(.text)
    xTaskGetTickCount                        0x000013d3   Thumb Code    22  tasks.o(.text)
    xTaskGetTickCountFromISR                 0x000013e9   Thumb Code     8  tasks.o(.text)
    uxTaskGetNumberOfTasks                   0x000013f1   Thumb Code     6  tasks.o(.text)
    pcTaskGetName                            0x000013f7   Thumb Code    22  tasks.o(.text)
    xTaskCatchUpTicks                        0x0000140d   Thumb Code    32  tasks.o(.text)
    vTaskPlaceOnEventList                    0x0000142d   Thumb Code    32  tasks.o(.text)
    vTaskPlaceOnUnorderedEventList           0x0000144d   Thumb Code    80  tasks.o(.text)
    xTaskRemoveFromEventList                 0x0000149d   Thumb Code   310  tasks.o(.text)
    vTaskRemoveFromUnorderedEventList        0x000015d3   Thumb Code   184  tasks.o(.text)
    vTaskSetTimeOutState                     0x0000168b   Thumb Code    30  tasks.o(.text)
    vTaskInternalSetTimeOutState             0x000016a9   Thumb Code    14  tasks.o(.text)
    xTaskCheckForTimeOut                     0x000016b7   Thumb Code    94  tasks.o(.text)
    vTaskMissedYield                         0x00001715   Thumb Code     8  tasks.o(.text)
    xTaskGetCurrentTaskHandle                0x0000171d   Thumb Code     6  tasks.o(.text)
    xTaskPriorityInherit                     0x00001723   Thumb Code   198  tasks.o(.text)
    xTaskPriorityDisinherit                  0x000017e9   Thumb Code   136  tasks.o(.text)
    vTaskPriorityDisinheritAfterTimeout      0x00001871   Thumb Code   208  tasks.o(.text)
    uxTaskResetEventItemValue                0x00001941   Thumb Code    24  tasks.o(.text)
    pvTaskIncrementMutexHeldCount            0x00001959   Thumb Code    28  tasks.o(.text)
    ulTaskGenericNotifyTake                  0x00001975   Thumb Code   124  tasks.o(.text)
    xTaskGenericNotifyWait                   0x000019f1   Thumb Code   152  tasks.o(.text)
    xTaskGenericNotify                       0x00001a89   Thumb Code   294  tasks.o(.text)
    xTaskGenericNotifyFromISR                0x00001baf   Thumb Code   336  tasks.o(.text)
    vTaskGenericNotifyGiveFromISR            0x00001cff   Thumb Code   262  tasks.o(.text)
    xTaskGenericNotifyStateClear             0x00001e05   Thumb Code    60  tasks.o(.text)
    ulTaskGenericNotifyValueClear            0x00001e41   Thumb Code    66  tasks.o(.text)
    vListInitialise                          0x00001e99   Thumb Code    26  list.o(.text)
    vListInitialiseItem                      0x00001eb3   Thumb Code     6  list.o(.text)
    vListInsertEnd                           0x00001eb9   Thumb Code    24  list.o(.text)
    vListInsert                              0x00001ed1   Thumb Code    56  list.o(.text)
    uxListRemove                             0x00001f09   Thumb Code    40  list.o(.text)
    xQueueGenericReset                       0x00001f31   Thumb Code   152  queue.o(.text)
    xQueueGenericCreate                      0x00001fef   Thumb Code    90  queue.o(.text)
    xQueueGenericSend                        0x00002185   Thumb Code   256  queue.o(.text)
    xQueueCreateMutex                        0x000022a9   Thumb Code    34  queue.o(.text)
    xQueueGenericSendFromISR                 0x000022cb   Thumb Code   126  queue.o(.text)
    xQueueGiveFromISR                        0x00002349   Thumb Code   108  queue.o(.text)
    xQueueReceive                            0x00002405   Thumb Code   242  queue.o(.text)
    xQueueSemaphoreTake                      0x0000250d   Thumb Code   302  queue.o(.text)
    xQueuePeek                               0x0000263b   Thumb Code   246  queue.o(.text)
    xQueueReceiveFromISR                     0x00002731   Thumb Code   118  queue.o(.text)
    xQueuePeekFromISR                        0x000027a7   Thumb Code    44  queue.o(.text)
    uxQueueMessagesWaiting                   0x000027d3   Thumb Code    22  queue.o(.text)
    uxQueueSpacesAvailable                   0x000027e9   Thumb Code    28  queue.o(.text)
    uxQueueMessagesWaitingFromISR            0x00002805   Thumb Code     8  queue.o(.text)
    vQueueDelete                             0x0000280d   Thumb Code    18  queue.o(.text)
    xQueueIsQueueEmptyFromISR                0x0000281f   Thumb Code    18  queue.o(.text)
    xQueueIsQueueFullFromISR                 0x00002831   Thumb Code    24  queue.o(.text)
    pxPortInitialiseStack                    0x00002849   Thumb Code   128  port.o(.text)
    xPortStartScheduler                      0x00002905   Thumb Code    18  port.o(.text)
    vPortEndScheduler                        0x00002917   Thumb Code     2  port.o(.text)
    vPortEnterCritical                       0x00002919   Thumb Code    22  port.o(.text)
    vPortExitCritical                        0x0000292f   Thumb Code    38  port.o(.text)
    pvPortMalloc                             0x000029c7   Thumb Code   192  heap_2.o(.text)
    vPortFree                                0x00002a87   Thumb Code    62  heap_2.o(.text)
    xPortGetFreeHeapSize                     0x00002ac5   Thumb Code     6  heap_2.o(.text)
    vPortInitialiseBlocks                    0x00002acb   Thumb Code     2  heap_2.o(.text)
    Inline Thumb to ARM Veneer to __aeabi_memcpy 0x00002ae5   Thumb Code     4  rt_memcpy.o(.text)
    __aeabi_memcpy                           0x00002ae8   ARM Code       0  rt_memcpy.o(.text)
    __rt_memcpy                              0x00002ae8   ARM Code     212  rt_memcpy.o(.text)
    _memcpy_lastbytes                        0x00002b9c   ARM Code       0  rt_memcpy.o(.text)
    __aeabi_idiv                             0x00002bbc   ARM Code       0  aeabi_sdiv.o(.text)
    __aeabi_idivmod                          0x00002bbc   ARM Code     384  aeabi_sdiv.o(.text)
    __use_two_region_memory                  0x00002d3d   Thumb Code     2  heapauxi.o(.text)
    __rt_heap_escrow$2region                 0x00002d3f   Thumb Code     2  heapauxi.o(.text)
    __rt_heap_expand$2region                 0x00002d41   Thumb Code     2  heapauxi.o(.text)
    __aeabi_memcpy4                          0x00002d44   ARM Code       0  rt_memcpy_w.o(.text)
    __aeabi_memcpy8                          0x00002d44   ARM Code       0  rt_memcpy_w.o(.text)
    __rt_memcpy_w                            0x00002d44   ARM Code     100  rt_memcpy_w.o(.text)
    _memcpy_lastbytes_aligned                0x00002d90   ARM Code       0  rt_memcpy_w.o(.text)
    __user_setup_stackheap                   0x00002da8   ARM Code      96  sys_stackheap_outer.o(.text)
    exit                                     0x00002e09   Thumb Code    20  exit.o(.text)
    __user_libspace                          0x00002e1c   ARM Code      12  libspace.o(.text)
    __user_perproc_libspace                  0x00002e1c   ARM Code       0  libspace.o(.text)
    __user_perthread_libspace                0x00002e1c   ARM Code       0  libspace.o(.text)
    Inline ARM to Thumb Veneer to _sys_exit  0x00002e28   ARM Code       8  sys_exit.o(.text)
    _sys_exit                                0x00002e31   Thumb Code     8  sys_exit.o(.text)
    __I$use$semihosting                      0x00002e3c   ARM Code       0  use_no_semi.o(.text)
    __use_no_semihosting_swi                 0x00002e3c   ARM Code       4  use_no_semi.o(.text)
    Inline Thumb to ARM Veneer to __aeabi_uidivmod 0x00002e41   Thumb Code     4  aeabi_sdiv.o(.text_udiv)
    __semihosting_library_function           0x00002e40   ARM Code       0  indicate_semi.o(.text)
    __aeabi_uidiv                            0x00002e44   ARM Code       0  aeabi_sdiv.o(.text_udiv)
    __aeabi_uidivmod                         0x00002e44   ARM Code      36  aeabi_sdiv.o(.text_udiv)
    Inline Thumb to ARM Veneer to vPortStartFirstTask 0x00002e69   Thumb Code     4  portasm.o(PORT_ASM)
    vPortStartFirstTask                      0x00002e6c   ARM Code       0  portasm.o(PORT_ASM)
    vPortYield                               0x00002e9c   ARM Code       0  portasm.o(PORT_ASM)
    vPortYieldProcessor                      0x00002ea4   ARM Code       0  portasm.o(PORT_ASM)
    vPreemptiveTick                          0x00002f30   ARM Code       0  portasm.o(PORT_ASM)
    Short Thumb to ARM Veneer to vPortYield  0x00002ff9   Thumb Code     8  anon$$obj.o(Veneer$$Code)
    Inline Thumb to ARM Veneer to __ARM_common_disable_irq 0x00003001   Thumb Code     4  tasks.o(i.__ARM_common_disable_irq)
    __ARM_common_disable_irq                 0x00003004   ARM Code      20  tasks.o(i.__ARM_common_disable_irq)
    Inline Thumb to ARM Veneer to __ARM_common_enable_irq 0x00003019   Thumb Code     4  port.o(i.__ARM_common_enable_irq)
    __ARM_common_enable_irq                  0x0000301c   ARM Code      16  port.o(i.__ARM_common_enable_irq)
    Inline Thumb to ARM Veneer to __ARM_common_switch8 0x0000302d   Thumb Code     4  tasks.o(i.__ARM_common_switch8)
    __ARM_common_switch8                     0x00003030   ARM Code      32  tasks.o(i.__ARM_common_switch8)
    Region$$Table$$Base                      0x00003080   Number         0  anon$$obj.o(Region$$Table)
    Region$$Table$$Limit                     0x000030a0   Number         0  anon$$obj.o(Region$$Table)
    PinConfig_array                          0x40000000   Data          90  gpio_cfg.o(.data)
    PinConfig_array_size                     0x4000005a   Data           2  gpio_cfg.o(.data)
    receivedChar                             0x4000005c   Data           1  serial.o(.data)
    isNewCharAvailable                       0x4000005d   Data           1  serial.o(.data)
    txDataSizeToSend                         0x4000005e   Data           1  serial.o(.data)
    txDataSizeLeftToSend                     0x4000005f   Data           1  serial.o(.data)
    Button1_TriggerTaskHandler               0x40000060   Data           4  main.o(.data)
    Button2_TriggerTaskHandler               0x40000064   Data           4  main.o(.data)
    SendStr100msTaskHandler                  0x40000068   Data           4  main.o(.data)
    UART_WriteTaskHandler                    0x4000006c   Data           4  main.o(.data)
    xQueue                                   0x40000070   Data           4  main.o(.data)
    i                                        0x40000074   Data           4  main.o(.data)
    j                                        0x40000078   Data           4  main.o(.data)
    load                                     0x4000007c   Data           4  main.o(.data)
    delay                                    0x40000080   Data           4  main.o(.data)
    B1_status                                0x40000084   Data           1  main.o(.data)
    B2_status                                0x40000085   Data           1  main.o(.data)
    button1_message                          0x40000088   Data           4  main.o(.data)
    button2_message                          0x4000008c   Data           4  main.o(.data)
    SendStr_message                          0x40000090   Data           4  main.o(.data)
    BufferdMessage                           0x40000094   Data           4  main.o(.data)
    Button1                                  0x40000098   Data           1  main.o(.data)
    Button2                                  0x40000099   Data           1  main.o(.data)
    pxCurrentTCB                             0x4000009c   Data           4  tasks.o(.data)
    uxTopUsedPriority                        0x400000d4   Data           4  tasks.o(.data)
    ulCriticalNesting                        0x400000dc   Data           4  port.o(.data)
    txBuffer                                 0x400000f8   Data         200  serial.o(.bss)
    __libspace_start                         0x40003674   Data          96  libspace.o(.bss)
    __temporary_stack_top$libspace           0x400036d4   Data           0  libspace.o(.bss)



==============================================================================

Memory Map of the image

  Image Entry point : 0x00000104

  Load Region LR_IROM1 (Base: 0x00000000, Size: 0x00003198, Max: 0x00040000, ABSOLUTE)

    Execution Region ER_IROM1 (Exec base: 0x00000000, Load base: 0x00000000, Size: 0x000030a0, Max: 0x00040000, ABSOLUTE)

    Exec Addr    Load Addr    Size         Type   Attr      Idx    E Section Name        Object

    0x00000000   0x00000000   0x00000104   Code   RO            3    RESET               startup.o
    0x00000104   0x00000104   0x00000008   Code   RO          273  * !!!main             c_t.l(__main.o)
    0x0000010c   0x0000010c   0x0000003c   Code   RO          444    !!!scatter          c_t.l(__scatter.o)
    0x00000148   0x00000148   0x00000028   Code   RO          446    !!handler_copy      c_t.l(__scatter_copy.o)
    0x00000170   0x00000170   0x0000002c   Code   RO          448    !!handler_zi        c_t.l(__scatter_zi.o)
    0x0000019c   0x0000019c   0x00000008   Ven    RO          312    .ARM.Collect$$libinit$$00000000  c_t.l(libinit.o)
    0x000001a4   0x000001a4   0x00000002   Code   RO          312    .ARM.Collect$$libinit$$00000000  c_t.l(libinit.o)
    0x000001a6   0x000001a6   0x00000000   Code   RO          325    .ARM.Collect$$libinit$$00000002  c_t.l(libinit2.o)
    0x000001a6   0x000001a6   0x00000000   Code   RO          327    .ARM.Collect$$libinit$$00000004  c_t.l(libinit2.o)
    0x000001a6   0x000001a6   0x00000000   Code   RO          330    .ARM.Collect$$libinit$$0000000A  c_t.l(libinit2.o)
    0x000001a6   0x000001a6   0x00000000   Code   RO          332    .ARM.Collect$$libinit$$0000000C  c_t.l(libinit2.o)
    0x000001a6   0x000001a6   0x00000000   Code   RO          334    .ARM.Collect$$libinit$$0000000E  c_t.l(libinit2.o)
    0x000001a6   0x000001a6   0x00000000   Code   RO          337    .ARM.Collect$$libinit$$00000011  c_t.l(libinit2.o)
    0x000001a6   0x000001a6   0x00000000   Code   RO          339    .ARM.Collect$$libinit$$00000013  c_t.l(libinit2.o)
    0x000001a6   0x000001a6   0x00000000   Code   RO          341    .ARM.Collect$$libinit$$00000015  c_t.l(libinit2.o)
    0x000001a6   0x000001a6   0x00000000   Code   RO          343    .ARM.Collect$$libinit$$00000017  c_t.l(libinit2.o)
    0x000001a6   0x000001a6   0x00000000   Code   RO          345    .ARM.Collect$$libinit$$00000019  c_t.l(libinit2.o)
    0x000001a6   0x000001a6   0x00000000   Code   RO          347    .ARM.Collect$$libinit$$0000001B  c_t.l(libinit2.o)
    0x000001a6   0x000001a6   0x00000000   Code   RO          349    .ARM.Collect$$libinit$$0000001D  c_t.l(libinit2.o)
    0x000001a6   0x000001a6   0x00000000   Code   RO          351    .ARM.Collect$$libinit$$0000001F  c_t.l(libinit2.o)
    0x000001a6   0x000001a6   0x00000000   Code   RO          353    .ARM.Collect$$libinit$$00000021  c_t.l(libinit2.o)
    0x000001a6   0x000001a6   0x00000000   Code   RO          355    .ARM.Collect$$libinit$$00000023  c_t.l(libinit2.o)
    0x000001a6   0x000001a6   0x00000000   Code   RO          357    .ARM.Collect$$libinit$$00000025  c_t.l(libinit2.o)
    0x000001a6   0x000001a6   0x00000000   Code   RO          361    .ARM.Collect$$libinit$$0000002C  c_t.l(libinit2.o)
    0x000001a6   0x000001a6   0x00000000   Code   RO          363    .ARM.Collect$$libinit$$0000002E  c_t.l(libinit2.o)
    0x000001a6   0x000001a6   0x00000000   Code   RO          365    .ARM.Collect$$libinit$$00000030  c_t.l(libinit2.o)
    0x000001a6   0x000001a6   0x00000000   Code   RO          367    .ARM.Collect$$libinit$$00000032  c_t.l(libinit2.o)
    0x000001a6   0x000001a6   0x0000000c   Code   RO          368    .ARM.Collect$$libinit$$00000033  c_t.l(libinit2.o)
    0x000001b2   0x000001b2   0x00000002   PAD
    0x000001b4   0x000001b4   0x00000008   Ven    RO          401    .ARM.Collect$$libshutdown$$00000000  c_t.l(libshutdown.o)
    0x000001bc   0x000001bc   0x00000004   Code   RO          401    .ARM.Collect$$libshutdown$$00000000  c_t.l(libshutdown.o)
    0x000001c0   0x000001c0   0x00000000   Code   RO          427    .ARM.Collect$$libshutdown$$00000002  c_t.l(libshutdown2.o)
    0x000001c0   0x000001c0   0x00000000   Code   RO          429    .ARM.Collect$$libshutdown$$00000004  c_t.l(libshutdown2.o)
    0x000001c0   0x000001c0   0x00000000   Code   RO          432    .ARM.Collect$$libshutdown$$00000007  c_t.l(libshutdown2.o)
    0x000001c0   0x000001c0   0x00000000   Code   RO          435    .ARM.Collect$$libshutdown$$0000000A  c_t.l(libshutdown2.o)
    0x000001c0   0x000001c0   0x00000000   Code   RO          437    .ARM.Collect$$libshutdown$$0000000C  c_t.l(libshutdown2.o)
    0x000001c0   0x000001c0   0x00000000   Code   RO          440    .ARM.Collect$$libshutdown$$0000000F  c_t.l(libshutdown2.o)
    0x000001c0   0x000001c0   0x00000006   Code   RO          441    .ARM.Collect$$libshutdown$$00000010  c_t.l(libshutdown2.o)
    0x000001c6   0x000001c6   0x00000002   PAD
    0x000001c8   0x000001c8   0x00000000   Code   RO          275    .ARM.Collect$$rtentry$$00000000  c_t.l(__rtentry.o)
    0x000001c8   0x000001c8   0x00000000   Code   RO          283    .ARM.Collect$$rtentry$$00000002  c_t.l(__rtentry2.o)
    0x000001c8   0x000001c8   0x00000008   Code   RO          295    .ARM.Collect$$rtentry$$00000004  c_t.l(__rtentry4.o)
    0x000001d0   0x000001d0   0x00000000   Code   RO          285    .ARM.Collect$$rtentry$$00000009  c_t.l(__rtentry2.o)
    0x000001d0   0x000001d0   0x00000004   Code   RO          286    .ARM.Collect$$rtentry$$0000000A  c_t.l(__rtentry2.o)
    0x000001d4   0x000001d4   0x00000000   Code   RO          288    .ARM.Collect$$rtentry$$0000000C  c_t.l(__rtentry2.o)
    0x000001d4   0x000001d4   0x00000028   Code   RO          289    .ARM.Collect$$rtentry$$0000000D  c_t.l(__rtentry2.o)
    0x000001fc   0x000001fc   0x00000004   Ven    RO          316    .ARM.Collect$$rtexit$$00000000  c_t.l(rtexit.o)
    0x00000200   0x00000200   0x00000004   Code   RO          316    .ARM.Collect$$rtexit$$00000000  c_t.l(rtexit.o)
    0x00000204   0x00000204   0x00000000   Code   RO          372    .ARM.Collect$$rtexit$$00000002  c_t.l(rtexit2.o)
    0x00000204   0x00000204   0x00000004   Code   RO          373    .ARM.Collect$$rtexit$$00000003  c_t.l(rtexit2.o)
    0x00000208   0x00000208   0x00000008   Code   RO          374    .ARM.Collect$$rtexit$$00000004  c_t.l(rtexit2.o)
    0x00000210   0x00000210   0x00000020   Code   RO            4    .text               startup.o
    0x00000230   0x00000230   0x00000094   Code   RO           57    .text               serialisr.o
    0x000002c4   0x000002c4   0x0000015c   Code   RO           60    .text               gpio.o
    0x00000420   0x00000420   0x000001a0   Code   RO           94    .text               serial.o
    0x000005c0   0x000005c0   0x000002d0   Code   RO          134    .text               main.o
    0x00000890   0x00000890   0x00001608   Code   RO          157    .text               tasks.o
    0x00001e98   0x00001e98   0x00000098   Code   RO          189    .text               list.o
    0x00001f30   0x00001f30   0x00000918   Code   RO          201    .text               queue.o
    0x00002848   0x00002848   0x00000158   Code   RO          216    .text               port.o
    0x000029a0   0x000029a0   0x00000144   Code   RO          233    .text               heap_2.o
    0x00002ae4   0x00002ae4   0x00000004   Ven    RO          253    .text               c_t.l(rt_memcpy.o)
    0x00002ae8   0x00002ae8   0x000000d4   Code   RO          253    .text               c_t.l(rt_memcpy.o)
    0x00002bbc   0x00002bbc   0x00000180   Code   RO          255    .text               c_t.l(aeabi_sdiv.o)
    0x00002d3c   0x00002d3c   0x00000006   Code   RO          271    .text               c_t.l(heapauxi.o)
    0x00002d42   0x00002d42   0x00000002   PAD
    0x00002d44   0x00002d44   0x00000064   Code   RO          280    .text               c_t.l(rt_memcpy_w.o)
    0x00002da8   0x00002da8   0x00000060   Code   RO          299    .text               c_t.l(sys_stackheap_outer.o)
    0x00002e08   0x00002e08   0x00000014   Code   RO          301    .text               c_t.l(exit.o)
    0x00002e1c   0x00002e1c   0x0000000c   Code   RO          313    .text               c_t.l(libspace.o)
    0x00002e28   0x00002e28   0x00000008   Ven    RO          369    .text               c_t.l(sys_exit.o)
    0x00002e30   0x00002e30   0x0000000c   Code   RO          369    .text               c_t.l(sys_exit.o)
    0x00002e3c   0x00002e3c   0x00000004   Code   RO          390    .text               c_t.l(use_no_semi.o)
    0x00002e40   0x00002e40   0x00000000   Code   RO          392    .text               c_t.l(indicate_semi.o)
    0x00002e40   0x00002e40   0x00000004   Ven    RO          256    .text_udiv          c_t.l(aeabi_sdiv.o)
    0x00002e44   0x00002e44   0x00000024   Code   RO          256    .text_udiv          c_t.l(aeabi_sdiv.o)
    0x00002e68   0x00002e68   0x00000004   Ven    RO          248    PORT_ASM            portasm.o
    0x00002e6c   0x00002e6c   0x0000018c   Code   RO          248    PORT_ASM            portasm.o
    0x00002ff8   0x00002ff8   0x00000008   Ven    RO          460    Veneer$$Code        anon$$obj.o
    0x00003000   0x00003000   0x00000004   Ven    RO          172    i.__ARM_common_disable_irq  tasks.o
    0x00003004   0x00003004   0x00000014   Code   RO          172    i.__ARM_common_disable_irq  tasks.o
    0x00003018   0x00003018   0x00000004   Ven    RO          228    i.__ARM_common_enable_irq  port.o
    0x0000301c   0x0000301c   0x00000010   Code   RO          228    i.__ARM_common_enable_irq  port.o
    0x0000302c   0x0000302c   0x00000004   Ven    RO          170    i.__ARM_common_switch8  tasks.o
    0x00003030   0x00003030   0x00000020   Code   RO          170    i.__ARM_common_switch8  tasks.o
    0x00003050   0x00003050   0x00000030   Data   RO          135    .conststring        main.o
    0x00003080   0x00003080   0x00000020   Data   RO          442    Region$$Table       anon$$obj.o


    Execution Region RW_IRAM1 (Exec base: 0x40000000, Load base: 0x000030a0, Size: 0x00003cf8, Max: 0x00004000, ABSOLUTE)

    Exec Addr    Load Addr    Size         Type   Attr      Idx    E Section Name        Object

    0x40000000   0x000030a0   0x0000005c   Data   RW           82    .data               gpio_cfg.o
    0x4000005c   0x000030fc   0x00000004   Data   RW           96    .data               serial.o
    0x40000060   0x00003100   0x0000003a   Data   RW          136    .data               main.o
    0x4000009a   0x0000313a   0x00000002   PAD
    0x4000009c   0x0000313c   0x00000040   Data   RW          159    .data               tasks.o
    0x400000dc   0x0000317c   0x00000004   Data   RW          217    .data               port.o
    0x400000e0   0x00003180   0x00000018   Data   RW          235    .data               heap_2.o
    0x400000f8        -       0x000000c8   Zero   RW           95    .bss                serial.o
    0x400001c0        -       0x000000b4   Zero   RW          158    .bss                tasks.o
    0x40000274        -       0x00003400   Zero   RW          234    .bss                heap_2.o
    0x40003674        -       0x00000060   Zero   RW          314    .bss                c_t.l(libspace.o)
    0x400036d4   0x00003198   0x00000004   PAD
    0x400036d8        -       0x00000000   Zero   RW            2    HEAP                startup.o
    0x400036d8        -       0x00000620   Zero   RW            1    STACK               startup.o


==============================================================================

Image component sizes


      Code (inc. data)   RO Data    RW Data    ZI Data      Debug   Object Name

       348         14          0          0          0       1745   gpio.o
         0          0          0         92          0       1259   gpio_cfg.o
       324         24          0         24      13312       3424   heap_2.o
       152          0          0          0          0       2034   list.o
       720        258         48         58          0       3094   main.o
         0          0          0          0          0       8112   partest.o
       360         76          0          4          0       3231   port.o
       396         24          0          0          0        404   portasm.o
      2328          0          0          0          0      15432   queue.o
       416         48          0          4        200      17354   serial.o
       148         12          0          0          0        316   serialisr.o
       292         60          0          0       1568        692   startup.o
      5692        296          0         64        180      30643   tasks.o

    ----------------------------------------------------------------------
     11200        812         80        248      15260      87740   Object Totals
        24          0         32          0          0          0   (incl. Generated)
         0          0          0          2          0          0   (incl. Padding)

    ----------------------------------------------------------------------

      Code (inc. data)   RO Data    RW Data    ZI Data      Debug   Library Member Name

         8          0          0          0          0         68   __main.o
         0          0          0          0          0          0   __rtentry.o
        44          4          0          0          0          0   __rtentry2.o
         8          0          0          0          0          0   __rtentry4.o
        60          8          0          0          0          0   __scatter.o
        40          0          0          0          0          0   __scatter_copy.o
        44          0          0          0          0          0   __scatter_zi.o
       424          0          0          0          0        148   aeabi_sdiv.o
        20          0          0          0          0         80   exit.o
         6          0          0          0          0        136   heapauxi.o
         0          0          0          0          0          0   indicate_semi.o
        10          0          0          0          0          0   libinit.o
        12          0          0          0          0          0   libinit2.o
        12          0          0          0          0          0   libshutdown.o
         6          0          0          0          0          0   libshutdown2.o
        12          4          0          0         96         68   libspace.o
       216          0          0          0          0         68   rt_memcpy.o
       100          0          0          0          0         80   rt_memcpy_w.o
         8          0          0          0          0          0   rtexit.o
        12          0          0          0          0          0   rtexit2.o
        20          4          0          0          0         60   sys_exit.o
        96          0          0          0          0         80   sys_stackheap_outer.o
         4          0          0          0          0         68   use_no_semi.o

    ----------------------------------------------------------------------
      1168         20          0          0        100        856   Library Totals
         6          0          0          0          4          0   (incl. Padding)

    ----------------------------------------------------------------------

      Code (inc. data)   RO Data    RW Data    ZI Data      Debug   Library Name

      1162         20          0          0         96        856   c_t.l

    ----------------------------------------------------------------------
      1168         20          0          0        100        856   Library Totals

    ----------------------------------------------------------------------

==============================================================================


      Code (inc. data)   RO Data    RW Data    ZI Data      Debug   

     12368        832         80        248      15360      87672   Grand Totals
     12368        832         80        248      15360      87672   ELF Image Totals
     12368        832         80        248          0          0   ROM Totals

==============================================================================

    Total RO  Size (Code + RO Data)                12448 (  12.16kB)
    Total RW  Size (RW Data + ZI Data)             15608 (  15.24kB)
    Total ROM Size (Code + RO Data + RW Data)      12696 (  12.40kB)

==============================================================================

